[demo.tadathemes.com/HTML_DigitalWorld/source/product.html]
[backblue.gif]
[fade.gif]
[index.html]
[demo.tadathemes.com/HTML_DigitalWorld/source/assets/css/owl.carousel.min.css]
[demo.tadathemes.com/HTML_DigitalWorld/source/assets/css/rating.css]
[demo.tadathemes.com/HTML_DigitalWorld/source/assets/css/timber.scss.css]
[demo.tadathemes.com/HTML_DigitalWorld/source/assets/css/theme.scss.css]
[demo.tadathemes.com/HTML_DigitalWorld/source/assets/css/digital-world.css]
[demo.tadathemes.com/HTML_DigitalWorld/source/assets/js/jquery.min.js]
[demo.tadathemes.com/HTML_DigitalWorld/source/assets/js/owl.carousel.min.js]
[demo.tadathemes.com/HTML_DigitalWorld/source/assets/js/jquery.easytabs.min.js]
[demo.tadathemes.com/HTML_DigitalWorld/source/assets/js/jquery.elevateZoom-3.0.8.min.js]
[demo.tadathemes.com/HTML_DigitalWorld/source/assets/js/jquery.fancybox.min.js]
[demo.tadathemes.com/HTML_DigitalWorld/source/assets/js/modernizr.min.js]
[demo.tadathemes.com/HTML_DigitalWorld/source/index.html]
[demo.tadathemes.com/HTML_DigitalWorld/source/collection-left.html]
[demo.tadathemes.com/HTML_DigitalWorld/source/assets/images/menu1_345x230.jpg]
[demo.tadathemes.com/HTML_DigitalWorld/source/h/collection-left.html]
[demo.tadathemes.com/HTML_DigitalWorld/source/assets/js/tada.js]
[demo.tadathemes.com/HTML_DigitalWorld/source/colection-full.html]
[demo.tadathemes.com/HTML_DigitalWorld/source/collection-right.html]
[demo.tadathemes.com/HTML_DigitalWorld/source/pages-about.html]
[demo.tadathemes.com/HTML_DigitalWorld/source/pages-services.html]
[demo.tadathemes.com/HTML_DigitalWorld/source/pages-faq.html]
[demo.tadathemes.com/HTML_DigitalWorld/source/pages-location.html]
[demo.tadathemes.com/HTML_DigitalWorld/source/pages-typography.html]
[demo.tadathemes.com/HTML_DigitalWorld/source/pages-heading.html]
[demo.tadathemes.com/HTML_DigitalWorld/source/blog.html]
[demo.tadathemes.com/HTML_DigitalWorld/source/blog-grid.html]
[demo.tadathemes.com/HTML_DigitalWorld/source/blog-full.html]
[demo.tadathemes.com/HTML_DigitalWorld/source/blog-left.html]
[demo.tadathemes.com/HTML_DigitalWorld/source/blog-right.html]
[demo.tadathemes.com/HTML_DigitalWorld/source/account-login.thml]
[demo.tadathemes.com/HTML_DigitalWorld/source/assets/images/cart1_100x100.jpg]
[demo.tadathemes.com/HTML_DigitalWorld/source/assets/images/cart2_100x100.jpg]
[demo.tadathemes.com/HTML_DigitalWorld/source/assets/images/cart3_100x100.jpg]
[demo.tadathemes.com/HTML_DigitalWorld/source/assets/images/logo.png]
[demo.tadathemes.com/HTML_DigitalWorld/source/cart.html]
[demo.tadathemes.com/HTML_DigitalWorld/source/assets/images/icon1_100x100.png]
[demo.tadathemes.com/HTML_DigitalWorld/source/collection.html]
[demo.tadathemes.com/HTML_DigitalWorld/source/assets/images/icon2_100x100.png]
[demo.tadathemes.com/HTML_DigitalWorld/source/assets/images/icon3_100x100.png]
[demo.tadathemes.com/HTML_DigitalWorld/source/assets/images/icon4_100x100.png]
[demo.tadathemes.com/HTML_DigitalWorld/source/assets/images/icon5_100x100.png]
[demo.tadathemes.com/HTML_DigitalWorld/source/assets/images/icon6_100x100.png]
[demo.tadathemes.com/HTML_DigitalWorld/source/assets/images/icon7_100x100.png]
[demo.tadathemes.com/HTML_DigitalWorld/source/assets/images/icon8_100x100.png]
[demo.tadathemes.com/HTML_DigitalWorld/source/assets/images/product2_320x320.jpg]
[demo.tadathemes.com/HTML_DigitalWorld/source/assets/images/product13_320x320.jpg]
[demo.tadathemes.com/HTML_DigitalWorld/source/assets/images/product7_320x320.jpg]
[demo.tadathemes.com/HTML_DigitalWorld/source/assets/images/product_800x800.jpg]
[demo.tadathemes.com/HTML_DigitalWorld/source/assets/images/product02_800x800.jpg]
[demo.tadathemes.com/HTML_DigitalWorld/source/assets/images/product03_800x800.jpg]
[demo.tadathemes.com/HTML_DigitalWorld/source/assets/images/product1_320x320.jpg]
[demo.tadathemes.com/HTML_DigitalWorld/source/page-wishlist]
[demo.tadathemes.com/HTML_DigitalWorld/source/page-wishlist-2.html]
[demo.tadathemes.com/HTML_DigitalWorld/source/assets/images/product3_320x320.jpg]
[demo.tadathemes.com/HTML_DigitalWorld/source/assets/images/product4_320x320.jpg]
[demo.tadathemes.com/HTML_DigitalWorld/source/assets/images/product5_320x320.jpg]
[demo.tadathemes.com/HTML_DigitalWorld/source/assets/images/product6_320x320.jpg]
[demo.tadathemes.com/HTML_DigitalWorld/source/assets/images/product8_320x320.jpg]
[demo.tadathemes.com/HTML_DigitalWorld/source/page-typography.html]
[demo.tadathemes.com/HTML_DigitalWorld/source/page-gallery.html]
[demo.tadathemes.com/HTML_DigitalWorld/source/page-storelocation.html]
[demo.tadathemes.com/HTML_DigitalWorld/source/page-about.html]
[demo.tadathemes.com/HTML_DigitalWorld/source/page-sevices.hml]
[demo.tadathemes.com/HTML_DigitalWorld/source/page-faq.hml]
[demo.tadathemes.com/HTML_DigitalWorld/source/account.html]
[demo.tadathemes.com/HTML_DigitalWorld/source/product.html]
[demo.tadathemes.com/HTML_DigitalWorld/source/assets/js/jquery.cookies.min.js]
[demo.tadathemes.com/HTML_DigitalWorld/source/assets/css/grabbing.png]
[demo.tadathemes.com/HTML_DigitalWorld/source/assets/css/AjaxLoader.gif]
[demo.tadathemes.com/HTML_DigitalWorld/source/assets/css/owl.carousel.min.css]
[demo.tadathemes.com/HTML_DigitalWorld/source/assets/css/rating.css]
[demo.tadathemes.com/HTML_DigitalWorld/source/assets/css/timber.scss.css]
[demo.tadathemes.com/HTML_DigitalWorld/source/assets/fonts/icons.eot]
[demo.tadathemes.com/HTML_DigitalWorld/source/assets/fonts/icons.woff]
[demo.tadathemes.com/HTML_DigitalWorld/source/assets/fonts/icons.ttf]
[demo.tadathemes.com/HTML_DigitalWorld/source/assets/css/theme.scss.css]
[demo.tadathemes.com/HTML_DigitalWorld/source/assets/images/avatar_image.jpg]
[demo.tadathemes.com/HTML_DigitalWorld/source/assets/css/digital-world.css]
[demo.tadathemes.com/HTML_DigitalWorld/source/assets/css/themepunch.revolution.css]
[demo.tadathemes.com/HTML_DigitalWorld/source/assets/images/slideshow1_785x345.png]
[demo.tadathemes.com/HTML_DigitalWorld/source/assets/images/slideshow2_785x345.png]
[demo.tadathemes.com/HTML_DigitalWorld/source/assets/images/slideshow3_785x345.png]
[demo.tadathemes.com/HTML_DigitalWorld/source/assets/images/slideshow4_785x345.png]
[demo.tadathemes.com/HTML_DigitalWorld/source/assets/images/slideshow5_785x345.png]
[demo.tadathemes.com/HTML_DigitalWorld/source/assets/images/blog1_85x55.jpg]
[demo.tadathemes.com/HTML_DigitalWorld/source/article.html]
[demo.tadathemes.com/HTML_DigitalWorld/source/assets/images/blog2_85x55.jpg]
[demo.tadathemes.com/HTML_DigitalWorld/source/assets/images/blog3_85x55.jpg]
[demo.tadathemes.com/HTML_DigitalWorld/source/assets/images/blog4_85x55.jpg]
[demo.tadathemes.com/HTML_DigitalWorld/source/assets/images/product9_320x320.jpg]
[demo.tadathemes.com/HTML_DigitalWorld/source/assets/images/product10_320x320.jpg]
[demo.tadathemes.com/HTML_DigitalWorld/source/assets/images/product11_320x320.jpg]
[demo.tadathemes.com/HTML_DigitalWorld/source/assets/images/product12_320x320.jpg]
[demo.tadathemes.com/HTML_DigitalWorld/source/assets/images/banner1_235x700.png]
[demo.tadathemes.com/HTML_DigitalWorld/source/assets/images/product14_320x320.jpg]
[demo.tadathemes.com/HTML_DigitalWorld/source/assets/images/product15_320x320.jpg]
[demo.tadathemes.com/HTML_DigitalWorld/source/assets/images/product16_320x320.jpg]
[demo.tadathemes.com/HTML_DigitalWorld/source/colection.html]
[demo.tadathemes.com/HTML_DigitalWorld/source/assets/images/banner2_235x700.png]
[demo.tadathemes.com/HTML_DigitalWorld/source/assets/images/product17_320x320.jpg]
[demo.tadathemes.com/HTML_DigitalWorld/source/assets/images/product18_320x320.jpg]
[demo.tadathemes.com/HTML_DigitalWorld/source/assets/images/product19_320x320.jpg]
[demo.tadathemes.com/HTML_DigitalWorld/source/assets/images/product20_320x320.jpg]
[demo.tadathemes.com/HTML_DigitalWorld/source/assets/images/product21_320x320.jpg]
[demo.tadathemes.com/HTML_DigitalWorld/source/assets/images/product22_320x320.jpg]
[demo.tadathemes.com/HTML_DigitalWorld/source/assets/images/product23_320x320.jpg]
[demo.tadathemes.com/HTML_DigitalWorld/source/assets/images/banner3_235x700.png]
[demo.tadathemes.com/HTML_DigitalWorld/source/assets/images/product24_320x320.jpg]
[demo.tadathemes.com/HTML_DigitalWorld/source/assets/images/product25_320x320.jpg]
[demo.tadathemes.com/HTML_DigitalWorld/source/assets/images/product26_320x320.jpg]
[demo.tadathemes.com/HTML_DigitalWorld/source/assets/images/product27_320x320.jpg]
[demo.tadathemes.com/HTML_DigitalWorld/source/assets/images/product28_320x320.jpg]
[demo.tadathemes.com/HTML_DigitalWorld/source/assets/images/product29_320x320.jpg]
[demo.tadathemes.com/HTML_DigitalWorld/source/assets/images/banner4_235x700.jpg]
[demo.tadathemes.com/HTML_DigitalWorld/source/assets/images/product30_320x320.jpg]
[demo.tadathemes.com/HTML_DigitalWorld/source/assets/images/product31_320x320.jpg]
[demo.tadathemes.com/HTML_DigitalWorld/source/assets/images/product32_320x320.jpg]
[demo.tadathemes.com/HTML_DigitalWorld/source/assets/images/product33_320x320.jpg]
[demo.tadathemes.com/HTML_DigitalWorld/source/assets/images/product34_320x320.jpg]
[demo.tadathemes.com/HTML_DigitalWorld/source/index.html]
[demo.tadathemes.com/HTML_DigitalWorld/source/collection-left.html]
[demo.tadathemes.com/HTML_DigitalWorld/source/h/collection-left.html]
[demo.tadathemes.com/HTML_DigitalWorld/source/colection-full.html]
[demo.tadathemes.com/HTML_DigitalWorld/source/collection-right.html]
[demo.tadathemes.com/HTML_DigitalWorld/source/pages-about.html]
[demo.tadathemes.com/HTML_DigitalWorld/source/pages-services.html]
[demo.tadathemes.com/HTML_DigitalWorld/source/pages-faq.html]
[demo.tadathemes.com/HTML_DigitalWorld/source/pages-location.html]
[demo.tadathemes.com/HTML_DigitalWorld/source/pages-typography.html]
[demo.tadathemes.com/HTML_DigitalWorld/source/pages-heading.html]
[demo.tadathemes.com/HTML_DigitalWorld/source/assets/images/blog4_1024x1024.jpg]
[demo.tadathemes.com/HTML_DigitalWorld/source/assets/images/blog3_1024x1024.jpg]
[demo.tadathemes.com/HTML_DigitalWorld/source/assets/js/jquery.themepunch.plugins.min.js]
[demo.tadathemes.com/HTML_DigitalWorld/source/assets/images/blog2_1024x1024.jpg]
[demo.tadathemes.com/HTML_DigitalWorld/source/assets/js/jquery.themepunch.revolution.min.js]
[demo.tadathemes.com/HTML_DigitalWorld/source/blog.html]
[demo.tadathemes.com/HTML_DigitalWorld/source/blog-grid.html]
[demo.tadathemes.com/HTML_DigitalWorld/source/blog-full.html]
[demo.tadathemes.com/HTML_DigitalWorld/source/blog-left.html]
[demo.tadathemes.com/HTML_DigitalWorld/source/blog-right.html]
[demo.tadathemes.com/HTML_DigitalWorld/source/account-login.html]
[demo.tadathemes.com/HTML_DigitalWorld/source/cart.html]
[demo.tadathemes.com/HTML_DigitalWorld/source/assets/images/white.png]
[demo.tadathemes.com/HTML_DigitalWorld/source/assets/images/black.png]
[demo.tadathemes.com/HTML_DigitalWorld/source/assets/images/gold.png]
[demo.tadathemes.com/HTML_DigitalWorld/source/assets/images/silver.png]
[demo.tadathemes.com/HTML_DigitalWorld/source/assets/images/quite-black.png]
[demo.tadathemes.com/HTML_DigitalWorld/source/assets/images/very-silver.png]
[demo.tadathemes.com/HTML_DigitalWorld/source/assets/images/really-blue.png]
[demo.tadathemes.com/HTML_DigitalWorld/source/assets/images/carbon-gray.png]
[demo.tadathemes.com/HTML_DigitalWorld/source/assets/images/dazzling-white.png]
[demo.tadathemes.com/HTML_DigitalWorld/source/assets/images/mineral-black.png]
[demo.tadathemes.com/HTML_DigitalWorld/source/assets/images/platinum.png]
[demo.tadathemes.com/HTML_DigitalWorld/source/assets/images/gray.png]
[demo.tadathemes.com/HTML_DigitalWorld/source/assets/images/ceramic.png]
[demo.tadathemes.com/HTML_DigitalWorld/source/collection.html]
[demo.tadathemes.com/HTML_DigitalWorld/source/page-wishlist.html]
[demo.tadathemes.com/HTML_DigitalWorld/source/page-wishlist-2.html]
[demo.tadathemes.com/HTML_DigitalWorld/source/page-typography.html]
[demo.tadathemes.com/HTML_DigitalWorld/source/page-gallery.html]
[demo.tadathemes.com/HTML_DigitalWorld/source/page-storelocation.html]
[demo.tadathemes.com/HTML_DigitalWorld/source/assets/images/digital_marketingSM_large.jpg]
[demo.tadathemes.com/HTML_DigitalWorld/source/page-about.html]
[demo.tadathemes.com/HTML_DigitalWorld/source/page-sevices.html]
[demo.tadathemes.com/HTML_DigitalWorld/source/page-faq.html]
[demo.tadathemes.com/HTML_DigitalWorld/source/account.html]
[demo.tadathemes.com/HTML_DigitalWorld/source/assets/css/grabbing.html]
[demo.tadathemes.com/HTML_DigitalWorld/source/assets/css/AjaxLoader.html]
[demo.tadathemes.com/HTML_DigitalWorld/source/assets/images/ico-select.svg]
[demo.tadathemes.com/HTML_DigitalWorld/source/assets/fonts/icons.svg]
[demo.tadathemes.com/HTML_DigitalWorld/source/assets/images/avatar_image.html]
[demo.tadathemes.com/HTML_DigitalWorld/source/assets/images/gradient/g30.png]
[demo.tadathemes.com/HTML_DigitalWorld/source/assets/images/gradient/g40.png]
[demo.tadathemes.com/HTML_DigitalWorld/source/assets/assets/shadow1.png]
[demo.tadathemes.com/HTML_DigitalWorld/source/assets/assets/shadow2.png]
[demo.tadathemes.com/HTML_DigitalWorld/source/assets/assets/shadow3.png]
[demo.tadathemes.com/HTML_DigitalWorld/source/assets/assets/gridtile.png]
[demo.tadathemes.com/HTML_DigitalWorld/source/assets/assets/gridtile_white.png]
[demo.tadathemes.com/HTML_DigitalWorld/source/assets/assets/gridtile_3x3.png]
[demo.tadathemes.com/HTML_DigitalWorld/source/assets/assets/gridtile_3x3_white.png]
[demo.tadathemes.com/HTML_DigitalWorld/source/assets/assets/boxed_bgtile.png]
[demo.tadathemes.com/HTML_DigitalWorld/source/assets/assets/navigdots_bgtile.png]
[demo.tadathemes.com/HTML_DigitalWorld/source/assets/assets/bullet.png]
[demo.tadathemes.com/HTML_DigitalWorld/source/assets/assets/bullets.png]
[demo.tadathemes.com/HTML_DigitalWorld/source/assets/assets/bullets2.png]
[demo.tadathemes.com/HTML_DigitalWorld/source/assets/assets/bullet_boxed.png]
[demo.tadathemes.com/HTML_DigitalWorld/source/assets/assets/navigdots.png]
[demo.tadathemes.com/HTML_DigitalWorld/source/assets/assets/large_left.png]
[demo.tadathemes.com/HTML_DigitalWorld/source/assets/assets/large_right.png]
[demo.tadathemes.com/HTML_DigitalWorld/source/assets/assets/small_left.png]
[demo.tadathemes.com/HTML_DigitalWorld/source/assets/assets/small_right.png]
[demo.tadathemes.com/HTML_DigitalWorld/source/assets/assets/arrow_left.png]
[demo.tadathemes.com/HTML_DigitalWorld/source/assets/assets/arrow_right.png]
[demo.tadathemes.com/HTML_DigitalWorld/source/assets/assets/small_left_boxed.png]
[demo.tadathemes.com/HTML_DigitalWorld/source/assets/assets/small_right_boxed.png]
[demo.tadathemes.com/HTML_DigitalWorld/source/assets/assets/arrowleft.png]
[demo.tadathemes.com/HTML_DigitalWorld/source/assets/assets/arrowright.png]
[demo.tadathemes.com/HTML_DigitalWorld/source/assets/assets/arrow_left2.png]
[demo.tadathemes.com/HTML_DigitalWorld/source/assets/assets/arrow_right2.png]
[demo.tadathemes.com/HTML_DigitalWorld/source/assets/assets/icon.png]
[demo.tadathemes.com/HTML_DigitalWorld/source/assets/assets/coloredbg.png]
[demo.tadathemes.com/HTML_DigitalWorld/source/assets/css/themepunch.revolution.css]
[demo.tadathemes.com/HTML_DigitalWorld/source/article.html]
[demo.tadathemes.com/HTML_DigitalWorld/source/colection.html]
[demo.tadathemes.com/HTML_DigitalWorld/source/assets/images/gears.svg]
[demo.tadathemes.com/HTML_DigitalWorld/source/assets/images/loader.gif]
[demo.tadathemes.com/HTML_DigitalWorld/source/assets/images/gradient/g30.html]
[demo.tadathemes.com/HTML_DigitalWorld/source/assets/images/gradient/g40.html]
[demo.tadathemes.com/HTML_DigitalWorld/source/assets/assets/shadow1.html]
[demo.tadathemes.com/HTML_DigitalWorld/source/assets/assets/shadow2.html]
[demo.tadathemes.com/HTML_DigitalWorld/source/assets/assets/shadow3.html]
[demo.tadathemes.com/HTML_DigitalWorld/source/assets/assets/gridtile.html]
[demo.tadathemes.com/HTML_DigitalWorld/source/assets/assets/gridtile_white.html]
[demo.tadathemes.com/HTML_DigitalWorld/source/assets/assets/gridtile_3x3.html]
[demo.tadathemes.com/HTML_DigitalWorld/source/assets/assets/gridtile_3x3_white.html]
[demo.tadathemes.com/HTML_DigitalWorld/source/assets/assets/boxed_bgtile.html]
[demo.tadathemes.com/HTML_DigitalWorld/source/assets/assets/navigdots_bgtile.html]
[demo.tadathemes.com/HTML_DigitalWorld/source/assets/assets/bullet.html]
[demo.tadathemes.com/HTML_DigitalWorld/source/assets/assets/bullets.html]
[demo.tadathemes.com/HTML_DigitalWorld/source/assets/assets/bullets2.html]
[demo.tadathemes.com/HTML_DigitalWorld/source/assets/assets/bullet_boxed.html]
[demo.tadathemes.com/HTML_DigitalWorld/source/assets/assets/navigdots.html]
[demo.tadathemes.com/HTML_DigitalWorld/source/assets/assets/large_left.html]
[demo.tadathemes.com/HTML_DigitalWorld/source/assets/assets/large_right.html]
[demo.tadathemes.com/HTML_DigitalWorld/source/assets/assets/small_left.html]
[demo.tadathemes.com/HTML_DigitalWorld/source/assets/assets/small_right.html]
[demo.tadathemes.com/HTML_DigitalWorld/source/assets/assets/arrow_left.html]
[demo.tadathemes.com/HTML_DigitalWorld/source/assets/assets/arrow_right.html]
[demo.tadathemes.com/HTML_DigitalWorld/source/assets/assets/small_left_boxed.html]
[demo.tadathemes.com/HTML_DigitalWorld/source/assets/assets/small_right_boxed.html]
[demo.tadathemes.com/HTML_DigitalWorld/source/assets/assets/arrowleft.html]
[demo.tadathemes.com/HTML_DigitalWorld/source/assets/assets/arrowright.html]
[demo.tadathemes.com/HTML_DigitalWorld/source/assets/assets/arrow_left2.html]
[demo.tadathemes.com/HTML_DigitalWorld/source/assets/assets/arrow_right2.html]
[demo.tadathemes.com/HTML_DigitalWorld/source/assets/assets/icon.html]
[demo.tadathemes.com/HTML_DigitalWorld/source/assets/assets/coloredbg.html]
[demo.tadathemes.com/HTML_DigitalWorld/source/page-contact.html]
[demo.tadathemes.com/HTML_DigitalWorld/source/account-register.html]
[demo.tadathemes.com/HTML_DigitalWorld/source/.page-contact.html]
